Archive member included to satisfy reference by file (symbol)

d:/stm32cubeide_1.7.0/stm32cubeide/plugins/com.st.stm32cube.ide.mcu.externaltools.gnu-tools-for-stm32.9-2020-q2-update.win32_2.0.0.202105311346/tools/bin/../lib/gcc/arm-none-eabi/9.3.1/../../../../arm-none-eabi/lib/thumb/v7-m/nofp\libc_nano.a(lib_a-errno.o)
                              ./Core/Src/syscalls.o (__errno)
d:/stm32cubeide_1.7.0/stm32cubeide/plugins/com.st.stm32cube.ide.mcu.externaltools.gnu-tools-for-stm32.9-2020-q2-update.win32_2.0.0.202105311346/tools/bin/../lib/gcc/arm-none-eabi/9.3.1/../../../../arm-none-eabi/lib/thumb/v7-m/nofp\libc_nano.a(lib_a-exit.o)
                              d:/stm32cubeide_1.7.0/stm32cubeide/plugins/com.st.stm32cube.ide.mcu.externaltools.gnu-tools-for-stm32.9-2020-q2-update.win32_2.0.0.202105311346/tools/bin/../lib/gcc/arm-none-eabi/9.3.1/../../../../arm-none-eabi/lib/thumb/v7-m/nofp/crt0.o (exit)
d:/stm32cubeide_1.7.0/stm32cubeide/plugins/com.st.stm32cube.ide.mcu.externaltools.gnu-tools-for-stm32.9-2020-q2-update.win32_2.0.0.202105311346/tools/bin/../lib/gcc/arm-none-eabi/9.3.1/../../../../arm-none-eabi/lib/thumb/v7-m/nofp\libc_nano.a(lib_a-impure.o)
                              d:/stm32cubeide_1.7.0/stm32cubeide/plugins/com.st.stm32cube.ide.mcu.externaltools.gnu-tools-for-stm32.9-2020-q2-update.win32_2.0.0.202105311346/tools/bin/../lib/gcc/arm-none-eabi/9.3.1/../../../../arm-none-eabi/lib/thumb/v7-m/nofp\libc_nano.a(lib_a-exit.o) (_global_impure_ptr)
d:/stm32cubeide_1.7.0/stm32cubeide/plugins/com.st.stm32cube.ide.mcu.externaltools.gnu-tools-for-stm32.9-2020-q2-update.win32_2.0.0.202105311346/tools/bin/../lib/gcc/arm-none-eabi/9.3.1/../../../../arm-none-eabi/lib/thumb/v7-m/nofp\libc_nano.a(lib_a-init.o)
                              d:/stm32cubeide_1.7.0/stm32cubeide/plugins/com.st.stm32cube.ide.mcu.externaltools.gnu-tools-for-stm32.9-2020-q2-update.win32_2.0.0.202105311346/tools/bin/../lib/gcc/arm-none-eabi/9.3.1/../../../../arm-none-eabi/lib/thumb/v7-m/nofp/crt0.o (__libc_init_array)
d:/stm32cubeide_1.7.0/stm32cubeide/plugins/com.st.stm32cube.ide.mcu.externaltools.gnu-tools-for-stm32.9-2020-q2-update.win32_2.0.0.202105311346/tools/bin/../lib/gcc/arm-none-eabi/9.3.1/../../../../arm-none-eabi/lib/thumb/v7-m/nofp\libc_nano.a(lib_a-memset.o)
                              d:/stm32cubeide_1.7.0/stm32cubeide/plugins/com.st.stm32cube.ide.mcu.externaltools.gnu-tools-for-stm32.9-2020-q2-update.win32_2.0.0.202105311346/tools/bin/../lib/gcc/arm-none-eabi/9.3.1/../../../../arm-none-eabi/lib/thumb/v7-m/nofp/crt0.o (memset)

Allocating common symbols
Common symbol       size              file

uwTick              0x4               ./Drivers/STM32F1xx_HAL_Driver/Src/stm32f1xx_hal.o
pFlash              0x20              ./Drivers/STM32F1xx_HAL_Driver/Src/stm32f1xx_hal_flash.o
huart2              0x44              ./Core/Src/usart.o
BlueKey             0x2c              ./Core/Src/main.o

Discarded input sections

 .text          0x0000000000000000        0x0 d:/stm32cubeide_1.7.0/stm32cubeide/plugins/com.st.stm32cube.ide.mcu.externaltools.gnu-tools-for-stm32.9-2020-q2-update.win32_2.0.0.202105311346/tools/bin/../lib/gcc/arm-none-eabi/9.3.1/thumb/v7-m/nofp/crti.o
 .data          0x0000000000000000        0x0 d:/stm32cubeide_1.7.0/stm32cubeide/plugins/com.st.stm32cube.ide.mcu.externaltools.gnu-tools-for-stm32.9-2020-q2-update.win32_2.0.0.202105311346/tools/bin/../lib/gcc/arm-none-eabi/9.3.1/thumb/v7-m/nofp/crti.o
 .bss           0x0000000000000000        0x0 d:/stm32cubeide_1.7.0/stm32cubeide/plugins/com.st.stm32cube.ide.mcu.externaltools.gnu-tools-for-stm32.9-2020-q2-update.win32_2.0.0.202105311346/tools/bin/../lib/gcc/arm-none-eabi/9.3.1/thumb/v7-m/nofp/crti.o
 .data          0x0000000000000000        0x4 d:/stm32cubeide_1.7.0/stm32cubeide/plugins/com.st.stm32cube.ide.mcu.externaltools.gnu-tools-for-stm32.9-2020-q2-update.win32_2.0.0.202105311346/tools/bin/../lib/gcc/arm-none-eabi/9.3.1/thumb/v7-m/nofp/crtbegin.o
 .text          0x0000000000000000       0x7c d:/stm32cubeide_1.7.0/stm32cubeide/plugins/com.st.stm32cube.ide.mcu.externaltools.gnu-tools-for-stm32.9-2020-q2-update.win32_2.0.0.202105311346/tools/bin/../lib/gcc/arm-none-eabi/9.3.1/../../../../arm-none-eabi/lib/thumb/v7-m/nofp/crt0.o
 .data          0x0000000000000000        0x0 d:/stm32cubeide_1.7.0/stm32cubeide/plugins/com.st.stm32cube.ide.mcu.externaltools.gnu-tools-for-stm32.9-2020-q2-update.win32_2.0.0.202105311346/tools/bin/../lib/gcc/arm-none-eabi/9.3.1/../../../../arm-none-eabi/lib/thumb/v7-m/nofp/crt0.o
 .bss           0x0000000000000000        0x0 d:/stm32cubeide_1.7.0/stm32cubeide/plugins/com.st.stm32cube.ide.mcu.externaltools.gnu-tools-for-stm32.9-2020-q2-update.win32_2.0.0.202105311346/tools/bin/../lib/gcc/arm-none-eabi/9.3.1/../../../../arm-none-eabi/lib/thumb/v7-m/nofp/crt0.o
[...]
Memory Configuration

Name             Origin             Length             Attributes
RAM              0x0000000020000000 0x0000000000005000 xrw
FLASH            0x0000000008000000 0x0000000000020000 xr
*default*        0x0000000000000000 0xffffffffffffffff

Linker script and memory map

LOAD d:/stm32cubeide_1.7.0/stm32cubeide/plugins/com.st.stm32cube.ide.mcu.externaltools.gnu-tools-for-stm32.9-2020-q2-update.win32_2.0.0.202105311346/tools/bin/../lib/gcc/arm-none-eabi/9.3.1/thumb/v7-m/nofp/crti.o
LOAD d:/stm32cubeide_1.7.0/stm32cubeide/plugins/com.st.stm32cube.ide.mcu.externaltools.gnu-tools-for-stm32.9-2020-q2-update.win32_2.0.0.202105311346/tools/bin/../lib/gcc/arm-none-eabi/9.3.1/thumb/v7-m/nofp/crtbegin.o
LOAD d:/stm32cubeide_1.7.0/stm32cubeide/plugins/com.st.stm32cube.ide.mcu.externaltools.gnu-tools-for-stm32.9-2020-q2-update.win32_2.0.0.202105311346/tools/bin/../lib/gcc/arm-none-eabi/9.3.1/../../../../arm-none-eabi/lib/thumb/v7-m/nofp/crt0.o
LOAD ./Core/Src/button.o
LOAD ./Core/Src/gpio.o
LOAD ./Core/Src/main.o
LOAD ./Core/Src/stm32f1xx_hal_msp.o
LOAD ./Core/Src/stm32f1xx_it.o
LOAD ./Core/Src/syscalls.o
LOAD ./Core/Src/sysmem.o
LOAD ./Core/Src/system_stm32f1xx.o
LOAD ./Core/Src/usart.o
LOAD ./Core/Startup/startup_stm32f103rbtx.o
LOAD ./Drivers/STM32F1xx_HAL_Driver/Src/stm32f1xx_hal.o
LOAD ./Drivers/STM32F1xx_HAL_Driver/Src/stm32f1xx_hal_cortex.o
LOAD ./Drivers/STM32F1xx_HAL_Driver/Src/stm32f1xx_hal_dma.o
LOAD ./Drivers/STM32F1xx_HAL_Driver/Src/stm32f1xx_hal_exti.o
LOAD ./Drivers/STM32F1xx_HAL_Driver/Src/stm32f1xx_hal_flash.o
LOAD ./Drivers/STM32F1xx_HAL_Driver/Src/stm32f1xx_hal_flash_ex.o
LOAD ./Drivers/STM32F1xx_HAL_Driver/Src/stm32f1xx_hal_gpio.o
LOAD ./Drivers/STM32F1xx_HAL_Driver/Src/stm32f1xx_hal_gpio_ex.o
LOAD ./Drivers/STM32F1xx_HAL_Driver/Src/stm32f1xx_hal_pwr.o
LOAD ./Drivers/STM32F1xx_HAL_Driver/Src/stm32f1xx_hal_rcc.o
LOAD ./Drivers/STM32F1xx_HAL_Driver/Src/stm32f1xx_hal_rcc_ex.o
LOAD ./Drivers/STM32F1xx_HAL_Driver/Src/stm32f1xx_hal_tim.o
LOAD ./Drivers/STM32F1xx_HAL_Driver/Src/stm32f1xx_hal_tim_ex.o
LOAD ./Drivers/STM32F1xx_HAL_Driver/Src/stm32f1xx_hal_uart.o
START GROUP
LOAD d:/stm32cubeide_1.7.0/stm32cubeide/plugins/com.st.stm32cube.ide.mcu.externaltools.gnu-tools-for-stm32.9-2020-q2-update.win32_2.0.0.202105311346/tools/bin/../lib/gcc/arm-none-eabi/9.3.1/../../../../arm-none-eabi/lib/thumb/v7-m/nofp\libc_nano.a
LOAD d:/stm32cubeide_1.7.0/stm32cubeide/plugins/com.st.stm32cube.ide.mcu.externaltools.gnu-tools-for-stm32.9-2020-q2-update.win32_2.0.0.202105311346/tools/bin/../lib/gcc/arm-none-eabi/9.3.1/../../../../arm-none-eabi/lib/thumb/v7-m/nofp\libm.a
END GROUP
START GROUP
LOAD d:/stm32cubeide_1.7.0/stm32cubeide/plugins/com.st.stm32cube.ide.mcu.externaltools.gnu-tools-for-stm32.9-2020-q2-update.win32_2.0.0.202105311346/tools/bin/../lib/gcc/arm-none-eabi/9.3.1/thumb/v7-m/nofp\libgcc.a
LOAD d:/stm32cubeide_1.7.0/stm32cubeide/plugins/com.st.stm32cube.ide.mcu.externaltools.gnu-tools-for-stm32.9-2020-q2-update.win32_2.0.0.202105311346/tools/bin/../lib/gcc/arm-none-eabi/9.3.1/../../../../arm-none-eabi/lib/thumb/v7-m/nofp\libc_nano.a
END GROUP
START GROUP
LOAD d:/stm32cubeide_1.7.0/stm32cubeide/plugins/com.st.stm32cube.ide.mcu.externaltools.gnu-tools-for-stm32.9-2020-q2-update.win32_2.0.0.202105311346/tools/bin/../lib/gcc/arm-none-eabi/9.3.1/thumb/v7-m/nofp\libgcc.a
LOAD d:/stm32cubeide_1.7.0/stm32cubeide/plugins/com.st.stm32cube.ide.mcu.externaltools.gnu-tools-for-stm32.9-2020-q2-update.win32_2.0.0.202105311346/tools/bin/../lib/gcc/arm-none-eabi/9.3.1/../../../../arm-none-eabi/lib/thumb/v7-m/nofp\libc_nano.a
LOAD d:/stm32cubeide_1.7.0/stm32cubeide/plugins/com.st.stm32cube.ide.mcu.externaltools.gnu-tools-for-stm32.9-2020-q2-update.win32_2.0.0.202105311346/tools/bin/../lib/gcc/arm-none-eabi/9.3.1/../../../../arm-none-eabi/lib/thumb/v7-m/nofp\libnosys.a
END GROUP
START GROUP
LOAD d:/stm32cubeide_1.7.0/stm32cubeide/plugins/com.st.stm32cube.ide.mcu.externaltools.gnu-tools-for-stm32.9-2020-q2-update.win32_2.0.0.202105311346/tools/bin/../lib/gcc/arm-none-eabi/9.3.1/thumb/v7-m/nofp\libgcc.a
LOAD d:/stm32cubeide_1.7.0/stm32cubeide/plugins/com.st.stm32cube.ide.mcu.externaltools.gnu-tools-for-stm32.9-2020-q2-update.win32_2.0.0.202105311346/tools/bin/../lib/gcc/arm-none-eabi/9.3.1/../../../../arm-none-eabi/lib/thumb/v7-m/nofp\libc_nano.a
LOAD d:/stm32cubeide_1.7.0/stm32cubeide/plugins/com.st.stm32cube.ide.mcu.externaltools.gnu-tools-for-stm32.9-2020-q2-update.win32_2.0.0.202105311346/tools/bin/../lib/gcc/arm-none-eabi/9.3.1/../../../../arm-none-eabi/lib/thumb/v7-m/nofp\libnosys.a
END GROUP
LOAD d:/stm32cubeide_1.7.0/stm32cubeide/plugins/com.st.stm32cube.ide.mcu.externaltools.gnu-tools-for-stm32.9-2020-q2-update.win32_2.0.0.202105311346/tools/bin/../lib/gcc/arm-none-eabi/9.3.1/thumb/v7-m/nofp/crtend.o
LOAD d:/stm32cubeide_1.7.0/stm32cubeide/plugins/com.st.stm32cube.ide.mcu.externaltools.gnu-tools-for-stm32.9-2020-q2-update.win32_2.0.0.202105311346/tools/bin/../lib/gcc/arm-none-eabi/9.3.1/thumb/v7-m/nofp/crtn.o
                0x0000000020005000                _estack = (ORIGIN (RAM) + LENGTH (RAM))
                0x0000000000000200                _Min_Heap_Size = 0x200
                0x0000000000000400                _Min_Stack_Size = 0x400

.isr_vector     0x0000000008000000      0x10c
                0x0000000008000000                . = ALIGN (0x4)
 *(.isr_vector)
 .isr_vector    0x0000000008000000      0x10c ./Core/Startup/startup_stm32f103rbtx.o
                0x0000000008000000                g_pfnVectors
                0x000000000800010c                . = ALIGN (0x4)

.text           0x000000000800010c     0x16b8
                0x000000000800010c                . = ALIGN (0x4)
 *(.text)
 .text          0x000000000800010c       0x40 d:/stm32cubeide_1.7.0/stm32cubeide/plugins/com.st.stm32cube.ide.mcu.externaltools.gnu-tools-for-stm32.9-2020-q2-update.win32_2.0.0.202105311346/tools/bin/../lib/gcc/arm-none-eabi/9.3.1/thumb/v7-m/nofp/crtbegin.o
 *(.text*)
 .text.ButtonInitKey
                0x000000000800014c       0x3e ./Core/Src/button.o
                0x000000000800014c                ButtonInitKey
 .text.ButtonRegisterReleaseCallBack
                0x000000000800018a       0x1a ./Core/Src/button.o
                0x000000000800018a                ButtonRegisterReleaseCallBack
 .text.ButtonIdleRoutine
                0x00000000080001a4       0x36 ./Core/Src/button.o
                0x00000000080001a4                ButtonIdleRoutine
 .text.ButtonDebounceRoutine
                0x00000000080001da       0x60 ./Core/Src/button.o
                0x00000000080001da                ButtonDebounceRoutine
 .text.ButtonPressedRoutine
                0x000000000800023a       0x60 ./Core/Src/button.o
                0x000000000800023a                ButtonPressedRoutine
 .text.ButtonRepeatRoutine
                0x000000000800029a       0x5a ./Core/Src/button.o
                0x000000000800029a                ButtonRepeatRoutine
 .text.ButtonReleaseRoutine
                0x00000000080002f4       0x60 ./Core/Src/button.o
                0x00000000080002f4                ButtonReleaseRoutine
 .text.ButtonTask
                0x0000000008000354       0x5c ./Core/Src/button.o
                0x0000000008000354                ButtonTask
 .text.MX_GPIO_Init
                0x00000000080003b0       0xc8 ./Core/Src/gpio.o
                0x00000000080003b0                MX_GPIO_Init
 .text.main     0x0000000008000478       0x4c ./Core/Src/main.o
                0x0000000008000478                main
 .text.SystemClock_Config
                0x00000000080004c4       0x82 ./Core/Src/main.o
                0x00000000080004c4                SystemClock_Config
 *fill*         0x0000000008000546        0x2 
 .text.ToggleLed
                0x0000000008000548       0x14 ./Core/Src/main.o
                0x0000000008000548                ToggleLed
 .text.Error_Handler
                0x000000000800055c        0xa ./Core/Src/main.o
                0x000000000800055c                Error_Handler
 *fill*         0x0000000008000566        0x2 
 .text.HAL_MspInit
                0x0000000008000568       0x64 ./Core/Src/stm32f1xx_hal_msp.o
                0x0000000008000568                HAL_MspInit
 .text.NMI_Handler
                0x00000000080005cc        0x6 ./Core/Src/stm32f1xx_it.o
                0x00000000080005cc                NMI_Handler
 .text.HardFault_Handler
                0x00000000080005d2        0x6 ./Core/Src/stm32f1xx_it.o
                0x00000000080005d2                HardFault_Handler
 .text.MemManage_Handler
                0x00000000080005d8        0x6 ./Core/Src/stm32f1xx_it.o
                0x00000000080005d8                MemManage_Handler
 .text.BusFault_Handler
                0x00000000080005de        0x6 ./Core/Src/stm32f1xx_it.o
                0x00000000080005de                BusFault_Handler
 .text.UsageFault_Handler
                0x00000000080005e4        0x6 ./Core/Src/stm32f1xx_it.o
                0x00000000080005e4                UsageFault_Handler
 .text.SVC_Handler
                0x00000000080005ea        0xc ./Core/Src/stm32f1xx_it.o
                0x00000000080005ea                SVC_Handler
 .text.DebugMon_Handler
                0x00000000080005f6        0xc ./Core/Src/stm32f1xx_it.o
                0x00000000080005f6                DebugMon_Handler
 .text.PendSV_Handler
                0x0000000008000602        0xc ./Core/Src/stm32f1xx_it.o
                0x0000000008000602                PendSV_Handler
 .text.SysTick_Handler
                0x000000000800060e        0xc ./Core/Src/stm32f1xx_it.o
                0x000000000800060e                SysTick_Handler
 .text.SystemInit
                0x000000000800061a        0xc ./Core/Src/system_stm32f1xx.o
                0x000000000800061a                SystemInit
 *fill*         0x0000000008000626        0x2 
 .text.MX_USART2_UART_Init
                0x0000000008000628       0x54 ./Core/Src/usart.o
                0x0000000008000628                MX_USART2_UART_Init
 .text.HAL_UART_MspInit
                0x000000000800067c       0x7c ./Core/Src/usart.o
                0x000000000800067c                HAL_UART_MspInit
 .text.Reset_Handler
                0x00000000080006f8       0x48 ./Core/Startup/startup_stm32f103rbtx.o
                0x00000000080006f8                Reset_Handler
 .text.Default_Handler
                0x0000000008000740        0x2 ./Core/Startup/startup_stm32f103rbtx.o
                0x0000000008000740                RTC_Alarm_IRQHandler
                0x0000000008000740                EXTI2_IRQHandler
                0x0000000008000740                TIM1_CC_IRQHandler
                0x0000000008000740                PVD_IRQHandler
                0x0000000008000740                EXTI3_IRQHandler
                0x0000000008000740                EXTI0_IRQHandler
                0x0000000008000740                I2C2_EV_IRQHandler
                0x0000000008000740                ADC1_2_IRQHandler
                0x0000000008000740                SPI1_IRQHandler
                0x0000000008000740                TAMPER_IRQHandler
                0x0000000008000740                DMA1_Channel4_IRQHandler
                0x0000000008000740                USART3_IRQHandler
                0x0000000008000740                RTC_IRQHandler
                0x0000000008000740                DMA1_Channel7_IRQHandler
                0x0000000008000740                CAN1_RX1_IRQHandler
                0x0000000008000740                TIM4_IRQHandler
                0x0000000008000740                I2C1_EV_IRQHandler
                0x0000000008000740                DMA1_Channel6_IRQHandler
                0x0000000008000740                TIM3_IRQHandler
                0x0000000008000740                RCC_IRQHandler
                0x0000000008000740                TIM1_TRG_COM_IRQHandler
                0x0000000008000740                DMA1_Channel1_IRQHandler
                0x0000000008000740                Default_Handler
                0x0000000008000740                EXTI15_10_IRQHandler
                0x0000000008000740                EXTI9_5_IRQHandler
                0x0000000008000740                SPI2_IRQHandler
                0x0000000008000740                DMA1_Channel5_IRQHandler
                0x0000000008000740                EXTI4_IRQHandler
                0x0000000008000740                USB_LP_CAN1_RX0_IRQHandler
                0x0000000008000740                USB_HP_CAN1_TX_IRQHandler
                0x0000000008000740                DMA1_Channel3_IRQHandler
                0x0000000008000740                TIM1_UP_IRQHandler
                0x0000000008000740                WWDG_IRQHandler
                0x0000000008000740                TIM2_IRQHandler
                0x0000000008000740                TIM1_BRK_IRQHandler
                0x0000000008000740                EXTI1_IRQHandler
                0x0000000008000740                USART2_IRQHandler
                0x0000000008000740                I2C2_ER_IRQHandler
                0x0000000008000740                DMA1_Channel2_IRQHandler
                0x0000000008000740                CAN1_SCE_IRQHandler
                0x0000000008000740                FLASH_IRQHandler
                0x0000000008000740                USART1_IRQHandler
                0x0000000008000740                I2C1_ER_IRQHandler
                0x0000000008000740                USBWakeUp_IRQHandler
 *fill*         0x0000000008000742        0x2 
 .text.HAL_Init
                0x0000000008000744       0x2c ./Drivers/STM32F1xx_HAL_Driver/Src/stm32f1xx_hal.o
                0x0000000008000744                HAL_Init
 .text.HAL_InitTick
                0x0000000008000770       0x60 ./Drivers/STM32F1xx_HAL_Driver/Src/stm32f1xx_hal.o
                0x0000000008000770                HAL_InitTick
 .text.HAL_IncTick
                0x00000000080007d0       0x24 ./Drivers/STM32F1xx_HAL_Driver/Src/stm32f1xx_hal.o
                0x00000000080007d0                HAL_IncTick
 .text.HAL_GetTick
                0x00000000080007f4       0x14 ./Drivers/STM32F1xx_HAL_Driver/Src/stm32f1xx_hal.o
                0x00000000080007f4                HAL_GetTick
 .text.__NVIC_SetPriorityGrouping
                0x0000000008000808       0x48 ./Drivers/STM32F1xx_HAL_Driver/Src/stm32f1xx_hal_cortex.o
 .text.__NVIC_GetPriorityGrouping
                0x0000000008000850       0x1c ./Drivers/STM32F1xx_HAL_Driver/Src/stm32f1xx_hal_cortex.o
 .text.__NVIC_SetPriority
                0x000000000800086c       0x54 ./Drivers/STM32F1xx_HAL_Driver/Src/stm32f1xx_hal_cortex.o
 .text.NVIC_EncodePriority
                0x00000000080008c0       0x64 ./Drivers/STM32F1xx_HAL_Driver/Src/stm32f1xx_hal_cortex.o
 .text.SysTick_Config
                0x0000000008000924       0x44 ./Drivers/STM32F1xx_HAL_Driver/Src/stm32f1xx_hal_cortex.o
 .text.HAL_NVIC_SetPriorityGrouping
                0x0000000008000968       0x16 ./Drivers/STM32F1xx_HAL_Driver/Src/stm32f1xx_hal_cortex.o
                0x0000000008000968                HAL_NVIC_SetPriorityGrouping
 .text.HAL_NVIC_SetPriority
                0x000000000800097e       0x38 ./Drivers/STM32F1xx_HAL_Driver/Src/stm32f1xx_hal_cortex.o
                0x000000000800097e                HAL_NVIC_SetPriority
 .text.HAL_SYSTICK_Config
                0x00000000080009b6       0x18 ./Drivers/STM32F1xx_HAL_Driver/Src/stm32f1xx_hal_cortex.o
                0x00000000080009b6                HAL_SYSTICK_Config
 *fill*         0x00000000080009ce        0x2 
 .text.HAL_GPIO_Init
                0x00000000080009d0      0x308 ./Drivers/STM32F1xx_HAL_Driver/Src/stm32f1xx_hal_gpio.o
                0x00000000080009d0                HAL_GPIO_Init
 .text.HAL_GPIO_ReadPin
                0x0000000008000cd8       0x2e ./Drivers/STM32F1xx_HAL_Driver/Src/stm32f1xx_hal_gpio.o
                0x0000000008000cd8                HAL_GPIO_ReadPin
 .text.HAL_GPIO_WritePin
                0x0000000008000d06       0x30 ./Drivers/STM32F1xx_HAL_Driver/Src/stm32f1xx_hal_gpio.o
                0x0000000008000d06                HAL_GPIO_WritePin
 .text.HAL_GPIO_TogglePin
                0x0000000008000d36       0x32 ./Drivers/STM32F1xx_HAL_Driver/Src/stm32f1xx_hal_gpio.o
                0x0000000008000d36                HAL_GPIO_TogglePin
 .text.HAL_RCC_OscConfig
                0x0000000008000d68      0x500 ./Drivers/STM32F1xx_HAL_Driver/Src/stm32f1xx_hal_rcc.o
                0x0000000008000d68                HAL_RCC_OscConfig
 .text.HAL_RCC_ClockConfig
                0x0000000008001268      0x1d4 ./Drivers/STM32F1xx_HAL_Driver/Src/stm32f1xx_hal_rcc.o
                0x0000000008001268                HAL_RCC_ClockConfig
 .text.HAL_RCC_GetSysClockFreq
                0x000000000800143c       0xc0 ./Drivers/STM32F1xx_HAL_Driver/Src/stm32f1xx_hal_rcc.o
                0x000000000800143c                HAL_RCC_GetSysClockFreq
 .text.HAL_RCC_GetHCLKFreq
                0x00000000080014fc       0x14 ./Drivers/STM32F1xx_HAL_Driver/Src/stm32f1xx_hal_rcc.o
                0x00000000080014fc                HAL_RCC_GetHCLKFreq
 .text.HAL_RCC_GetPCLK1Freq
                0x0000000008001510       0x28 ./Drivers/STM32F1xx_HAL_Driver/Src/stm32f1xx_hal_rcc.o
                0x0000000008001510                HAL_RCC_GetPCLK1Freq
 .text.HAL_RCC_GetPCLK2Freq
                0x0000000008001538       0x28 ./Drivers/STM32F1xx_HAL_Driver/Src/stm32f1xx_hal_rcc.o
                0x0000000008001538                HAL_RCC_GetPCLK2Freq
 .text.RCC_Delay
                0x0000000008001560       0x3c ./Drivers/STM32F1xx_HAL_Driver/Src/stm32f1xx_hal_rcc.o
 .text.HAL_UART_Init
                0x000000000800159c       0x9a ./Drivers/STM32F1xx_HAL_Driver/Src/stm32f1xx_hal_uart.o
                0x000000000800159c                HAL_UART_Init
 *fill*         0x0000000008001636        0x2 
 .text.UART_SetConfig
                0x0000000008001638      0x11c ./Drivers/STM32F1xx_HAL_Driver/Src/stm32f1xx_hal_uart.o
 .text.__libc_init_array
                0x0000000008001754       0x48 d:/stm32cubeide_1.7.0/stm32cubeide/plugins/com.st.stm32cube.ide.mcu.externaltools.gnu-tools-for-stm32.9-2020-q2-update.win32_2.0.0.202105311346/tools/bin/../lib/gcc/arm-none-eabi/9.3.1/../../../../arm-none-eabi/lib/thumb/v7-m/nofp\libc_nano.a(lib_a-init.o)
                0x0000000008001754                __libc_init_array
 .text.memset   0x000000000800179c       0x10 d:/stm32cubeide_1.7.0/stm32cubeide/plugins/com.st.stm32cube.ide.mcu.externaltools.gnu-tools-for-stm32.9-2020-q2-update.win32_2.0.0.202105311346/tools/bin/../lib/gcc/arm-none-eabi/9.3.1/../../../../arm-none-eabi/lib/thumb/v7-m/nofp\libc_nano.a(lib_a-memset.o)
                0x000000000800179c                memset
 *(.glue_7)
 .glue_7        0x00000000080017ac        0x0 linker stubs
 *(.glue_7t)
 .glue_7t       0x00000000080017ac        0x0 linker stubs
 *(.eh_frame)
 .eh_frame      0x00000000080017ac        0x0 d:/stm32cubeide_1.7.0/stm32cubeide/plugins/com.st.stm32cube.ide.mcu.externaltools.gnu-tools-for-stm32.9-2020-q2-update.win32_2.0.0.202105311346/tools/bin/../lib/gcc/arm-none-eabi/9.3.1/thumb/v7-m/nofp/crtbegin.o
 *(.init)
 .init          0x00000000080017ac        0x4 d:/stm32cubeide_1.7.0/stm32cubeide/plugins/com.st.stm32cube.ide.mcu.externaltools.gnu-tools-for-stm32.9-2020-q2-update.win32_2.0.0.202105311346/tools/bin/../lib/gcc/arm-none-eabi/9.3.1/thumb/v7-m/nofp/crti.o
                0x00000000080017ac                _init
 .init          0x00000000080017b0        0x8 d:/stm32cubeide_1.7.0/stm32cubeide/plugins/com.st.stm32cube.ide.mcu.externaltools.gnu-tools-for-stm32.9-2020-q2-update.win32_2.0.0.202105311346/tools/bin/../lib/gcc/arm-none-eabi/9.3.1/thumb/v7-m/nofp/crtn.o
 *(.fini)
 .fini          0x00000000080017b8        0x4 d:/stm32cubeide_1.7.0/stm32cubeide/plugins/com.st.stm32cube.ide.mcu.externaltools.gnu-tools-for-stm32.9-2020-q2-update.win32_2.0.0.202105311346/tools/bin/../lib/gcc/arm-none-eabi/9.3.1/thumb/v7-m/nofp/crti.o
                0x00000000080017b8                _fini
 .fini          0x00000000080017bc        0x8 d:/stm32cubeide_1.7.0/stm32cubeide/plugins/com.st.stm32cube.ide.mcu.externaltools.gnu-tools-for-stm32.9-2020-q2-update.win32_2.0.0.202105311346/tools/bin/../lib/gcc/arm-none-eabi/9.3.1/thumb/v7-m/nofp/crtn.o
                0x00000000080017c4                . = ALIGN (0x4)
                0x00000000080017c4                _etext = .

.vfp11_veneer   0x00000000080017c4        0x0
 .vfp11_veneer  0x00000000080017c4        0x0 linker stubs

.v4_bx          0x00000000080017c4        0x0
 .v4_bx         0x00000000080017c4        0x0 linker stubs

.iplt           0x00000000080017c4        0x0
 .iplt          0x00000000080017c4        0x0 d:/stm32cubeide_1.7.0/stm32cubeide/plugins/com.st.stm32cube.ide.mcu.externaltools.gnu-tools-for-stm32.9-2020-q2-update.win32_2.0.0.202105311346/tools/bin/../lib/gcc/arm-none-eabi/9.3.1/thumb/v7-m/nofp/crtbegin.o

.rodata         0x00000000080017c4       0x28
                0x00000000080017c4                . = ALIGN (0x4)
 *(.rodata)
 .rodata        0x00000000080017c4       0x10 ./Drivers/STM32F1xx_HAL_Driver/Src/stm32f1xx_hal_rcc.o
 *(.rodata*)
 .rodata.AHBPrescTable
                0x00000000080017d4       0x10 ./Core/Src/system_stm32f1xx.o
                0x00000000080017d4                AHBPrescTable
 .rodata.APBPrescTable
                0x00000000080017e4        0x8 ./Core/Src/system_stm32f1xx.o
                0x00000000080017e4                APBPrescTable
                0x00000000080017ec                . = ALIGN (0x4)

.rel.dyn        0x00000000080017ec        0x0
 .rel.iplt      0x00000000080017ec        0x0 d:/stm32cubeide_1.7.0/stm32cubeide/plugins/com.st.stm32cube.ide.mcu.externaltools.gnu-tools-for-stm32.9-2020-q2-update.win32_2.0.0.202105311346/tools/bin/../lib/gcc/arm-none-eabi/9.3.1/thumb/v7-m/nofp/crtbegin.o

.ARM.extab      0x00000000080017ec        0x0
                0x00000000080017ec                . = ALIGN (0x4)
 *(.ARM.extab* .gnu.linkonce.armextab.*)
                0x00000000080017ec                . = ALIGN (0x4)

.ARM            0x00000000080017ec        0x0
                0x00000000080017ec                . = ALIGN (0x4)
                0x00000000080017ec                __exidx_start = .
 *(.ARM.exidx*)
                0x00000000080017ec                __exidx_end = .
                0x00000000080017ec                . = ALIGN (0x4)

.preinit_array  0x00000000080017ec        0x0
                0x00000000080017ec                . = ALIGN (0x4)
                0x00000000080017ec                PROVIDE (__preinit_array_start = .)
 *(.preinit_array*)
                0x00000000080017ec                PROVIDE (__preinit_array_end = .)
                0x00000000080017ec                . = ALIGN (0x4)

.init_array     0x00000000080017ec        0x4
                0x00000000080017ec                . = ALIGN (0x4)
                0x00000000080017ec                PROVIDE (__init_array_start = .)
 *(SORT_BY_NAME(.init_array.*))
 *(.init_array*)
 .init_array    0x00000000080017ec        0x4 d:/stm32cubeide_1.7.0/stm32cubeide/plugins/com.st.stm32cube.ide.mcu.externaltools.gnu-tools-for-stm32.9-2020-q2-update.win32_2.0.0.202105311346/tools/bin/../lib/gcc/arm-none-eabi/9.3.1/thumb/v7-m/nofp/crtbegin.o
                0x00000000080017f0                PROVIDE (__init_array_end = .)
                0x00000000080017f0                . = ALIGN (0x4)

.fini_array     0x00000000080017f0        0x4
                0x00000000080017f0                . = ALIGN (0x4)
                [!provide]                        PROVIDE (__fini_array_start = .)
 *(SORT_BY_NAME(.fini_array.*))
 *(.fini_array*)
 .fini_array    0x00000000080017f0        0x4 d:/stm32cubeide_1.7.0/stm32cubeide/plugins/com.st.stm32cube.ide.mcu.externaltools.gnu-tools-for-stm32.9-2020-q2-update.win32_2.0.0.202105311346/tools/bin/../lib/gcc/arm-none-eabi/9.3.1/thumb/v7-m/nofp/crtbegin.o
                [!provide]                        PROVIDE (__fini_array_end = .)
                0x00000000080017f4                . = ALIGN (0x4)
                0x00000000080017f4                _sidata = LOADADDR (.data)

.data           0x0000000020000000        0xc load address 0x00000000080017f4
                0x0000000020000000                . = ALIGN (0x4)
                0x0000000020000000                _sdata = .
 *(.data)
 *(.data*)
 .data.SystemCoreClock
                0x0000000020000000        0x4 ./Core/Src/system_stm32f1xx.o
                0x0000000020000000                SystemCoreClock
 .data.uwTickPrio
                0x0000000020000004        0x4 ./Drivers/STM32F1xx_HAL_Driver/Src/stm32f1xx_hal.o
                0x0000000020000004                uwTickPrio
 .data.uwTickFreq
                0x0000000020000008        0x1 ./Drivers/STM32F1xx_HAL_Driver/Src/stm32f1xx_hal.o
                0x0000000020000008                uwTickFreq
 *(.RamFunc)
 *(.RamFunc*)
                0x000000002000000c                . = ALIGN (0x4)
 *fill*         0x0000000020000009        0x3 
                0x000000002000000c                _edata = .

.igot.plt       0x000000002000000c        0x0 load address 0x0000000008001800
 .igot.plt      0x000000002000000c        0x0 d:/stm32cubeide_1.7.0/stm32cubeide/plugins/com.st.stm32cube.ide.mcu.externaltools.gnu-tools-for-stm32.9-2020-q2-update.win32_2.0.0.202105311346/tools/bin/../lib/gcc/arm-none-eabi/9.3.1/thumb/v7-m/nofp/crtbegin.o
                0x000000002000000c                . = ALIGN (0x4)

.bss            0x000000002000000c       0x94 load address 0x0000000008001800
                0x000000002000000c                _sbss = .
                0x000000002000000c                __bss_start__ = _sbss
 *(.bss)
 .bss           0x000000002000000c       0x1c d:/stm32cubeide_1.7.0/stm32cubeide/plugins/com.st.stm32cube.ide.mcu.externaltools.gnu-tools-for-stm32.9-2020-q2-update.win32_2.0.0.202105311346/tools/bin/../lib/gcc/arm-none-eabi/9.3.1/thumb/v7-m/nofp/crtbegin.o
 *(.bss*)
 .bss.Counter.5686
                0x0000000020000028        0x1 ./Core/Src/button.o
 *(COMMON)
 *fill*         0x0000000020000029        0x3 
 COMMON         0x000000002000002c       0x2c ./Core/Src/main.o
                0x000000002000002c                BlueKey
 COMMON         0x0000000020000058       0x44 ./Core/Src/usart.o
                0x0000000020000058                huart2
 COMMON         0x000000002000009c        0x4 ./Drivers/STM32F1xx_HAL_Driver/Src/stm32f1xx_hal.o
                0x000000002000009c                uwTick
                0x00000000200000a0                . = ALIGN (0x4)
                0x00000000200000a0                _ebss = .
                0x00000000200000a0                __bss_end__ = _ebss

._user_heap_stack
                0x00000000200000a0      0x600 load address 0x0000000008001800
                0x00000000200000a0                . = ALIGN (0x8)
                [!provide]                        PROVIDE (end = .)
                0x00000000200000a0                PROVIDE (_end = .)
                0x00000000200002a0                . = (. + _Min_Heap_Size)
 *fill*         0x00000000200000a0      0x200 
                0x00000000200006a0                . = (. + _Min_Stack_Size)
 *fill*         0x00000000200002a0      0x400 
                0x00000000200006a0                . = ALIGN (0x8)

/DISCARD/
 libc.a(*)
 libm.a(*)
 libgcc.a(*)

.ARM.attributes
                0x0000000000000000       0x29
 *(.ARM.attributes)
 .ARM.attributes
                0x0000000000000000       0x1d d:/stm32cubeide_1.7.0/stm32cubeide/plugins/com.st.stm32cube.ide.mcu.externaltools.gnu-tools-for-stm32.9-2020-q2-update.win32_2.0.0.202105311346/tools/bin/../lib/gcc/arm-none-eabi/9.3.1/thumb/v7-m/nofp/crti.o
 .ARM.attributes
                0x000000000000001d       0x2d d:/stm32cubeide_1.7.0/stm32cubeide/plugins/com.st.stm32cube.ide.mcu.externaltools.gnu-tools-for-stm32.9-2020-q2-update.win32_2.0.0.202105311346/tools/bin/../lib/gcc/arm-none-eabi/9.3.1/thumb/v7-m/nofp/crtbegin.o
 .ARM.attributes
                0x000000000000004a       0x2d ./Core/Src/button.o
 .ARM.attributes
                0x0000000000000077       0x2d ./Core/Src/gpio.o
 .ARM.attributes
                0x00000000000000a4       0x2d ./Core/Src/main.o
 .ARM.attributes
                0x00000000000000d1       0x2d ./Core/Src/stm32f1xx_hal_msp.o
 .ARM.attributes
                0x00000000000000fe       0x2d ./Core/Src/stm32f1xx_it.o
 .ARM.attributes
                0x000000000000012b       0x2d ./Core/Src/system_stm32f1xx.o
 .ARM.attributes
                0x0000000000000158       0x2d ./Core/Src/usart.o
 .ARM.attributes
                0x0000000000000185       0x21 ./Core/Startup/startup_stm32f103rbtx.o
 .ARM.attributes
                0x00000000000001a6       0x2d ./Drivers/STM32F1xx_HAL_Driver/Src/stm32f1xx_hal.o
 .ARM.attributes
                0x00000000000001d3       0x2d ./Drivers/STM32F1xx_HAL_Driver/Src/stm32f1xx_hal_cortex.o
 .ARM.attributes
                0x0000000000000200       0x2d ./Drivers/STM32F1xx_HAL_Driver/Src/stm32f1xx_hal_gpio.o
 .ARM.attributes
                0x000000000000022d       0x2d ./Drivers/STM32F1xx_HAL_Driver/Src/stm32f1xx_hal_rcc.o
 .ARM.attributes
                0x000000000000025a       0x2d ./Drivers/STM32F1xx_HAL_Driver/Src/stm32f1xx_hal_uart.o
 .ARM.attributes
                0x0000000000000287       0x2d d:/stm32cubeide_1.7.0/stm32cubeide/plugins/com.st.stm32cube.ide.mcu.externaltools.gnu-tools-for-stm32.9-2020-q2-update.win32_2.0.0.202105311346/tools/bin/../lib/gcc/arm-none-eabi/9.3.1/../../../../arm-none-eabi/lib/thumb/v7-m/nofp\libc_nano.a(lib_a-init.o)
 .ARM.attributes
                0x00000000000002b4       0x2d d:/stm32cubeide_1.7.0/stm32cubeide/plugins/com.st.stm32cube.ide.mcu.externaltools.gnu-tools-for-stm32.9-2020-q2-update.win32_2.0.0.202105311346/tools/bin/../lib/gcc/arm-none-eabi/9.3.1/../../../../arm-none-eabi/lib/thumb/v7-m/nofp\libc_nano.a(lib_a-memset.o)
 .ARM.attributes
                0x00000000000002e1       0x1d d:/stm32cubeide_1.7.0/stm32cubeide/plugins/com.st.stm32cube.ide.mcu.externaltools.gnu-tools-for-stm32.9-2020-q2-update.win32_2.0.0.202105311346/tools/bin/../lib/gcc/arm-none-eabi/9.3.1/thumb/v7-m/nofp/crtn.o
OUTPUT(T2_L35_MoreStates.elf elf32-littlearm)
LOAD linker stubs
LOAD d:/stm32cubeide_1.7.0/stm32cubeide/plugins/com.st.stm32cube.ide.mcu.externaltools.gnu-tools-for-stm32.9-2020-q2-update.win32_2.0.0.202105311346/tools/bin/../lib/gcc/arm-none-eabi/9.3.1/../../../../arm-none-eabi/lib/thumb/v7-m/nofp\libc.a
LOAD d:/stm32cubeide_1.7.0/stm32cubeide/plugins/com.st.stm32cube.ide.mcu.externaltools.gnu-tools-for-stm32.9-2020-q2-update.win32_2.0.0.202105311346/tools/bin/../lib/gcc/arm-none-eabi/9.3.1/../../../../arm-none-eabi/lib/thumb/v7-m/nofp\libm.a
LOAD d:/stm32cubeide_1.7.0/stm32cubeide/plugins/com.st.stm32cube.ide.mcu.externaltools.gnu-tools-for-stm32.9-2020-q2-update.win32_2.0.0.202105311346/tools/bin/../lib/gcc/arm-none-eabi/9.3.1/thumb/v7-m/nofp\libgcc.a

.debug_info     0x0000000000000000     0x6504
 .debug_info    0x0000000000000000      0x5f6 ./Core/Src/button.o
 .debug_info    0x00000000000005f6      0x3ac ./Core/Src/gpio.o
 .debug_info    0x00000000000009a2     0x1224 ./Core/Src/main.o
 .debug_info    0x0000000000001bc6      0x2fc ./Core/Src/stm32f1xx_hal_msp.o
 .debug_info    0x0000000000001ec2      0x222 ./Core/Src/stm32f1xx_it.o
 .debug_info    0x00000000000020e4      0x2be ./Core/Src/system_stm32f1xx.o
 .debug_info    0x00000000000023a2      0x851 ./Core/Src/usart.o
 .debug_info    0x0000000000002bf3       0x22 ./Core/Startup/startup_stm32f103rbtx.o
 .debug_info    0x0000000000002c15      0x76a ./Drivers/STM32F1xx_HAL_Driver/Src/stm32f1xx_hal.o
 .debug_info    0x000000000000337f      0xbdc ./Drivers/STM32F1xx_HAL_Driver/Src/stm32f1xx_hal_cortex.o
 .debug_info    0x0000000000003f5b      0x701 ./Drivers/STM32F1xx_HAL_Driver/Src/stm32f1xx_hal_gpio.o
 .debug_info    0x000000000000465c      0x88e ./Drivers/STM32F1xx_HAL_Driver/Src/stm32f1xx_hal_rcc.o
 .debug_info    0x0000000000004eea     0x161a ./Drivers/STM32F1xx_HAL_Driver/Src/stm32f1xx_hal_uart.o

.debug_abbrev   0x0000000000000000     0x1641
 .debug_abbrev  0x0000000000000000      0x19a ./Core/Src/button.o
 .debug_abbrev  0x000000000000019a      0x14e ./Core/Src/gpio.o
 .debug_abbrev  0x00000000000002e8      0x269 ./Core/Src/main.o
 .debug_abbrev  0x0000000000000551      0x11d ./Core/Src/stm32f1xx_hal_msp.o
 .debug_abbrev  0x000000000000066e       0xd2 ./Core/Src/stm32f1xx_it.o
 .debug_abbrev  0x0000000000000740      0x14e ./Core/Src/system_stm32f1xx.o
 .debug_abbrev  0x000000000000088e      0x1bb ./Core/Src/usart.o
 .debug_abbrev  0x0000000000000a49       0x12 ./Core/Startup/startup_stm32f103rbtx.o
 .debug_abbrev  0x0000000000000a5b      0x1ed ./Drivers/STM32F1xx_HAL_Driver/Src/stm32f1xx_hal.o
 .debug_abbrev  0x0000000000000c48      0x313 ./Drivers/STM32F1xx_HAL_Driver/Src/stm32f1xx_hal_cortex.o
 .debug_abbrev  0x0000000000000f5b      0x1e8 ./Drivers/STM32F1xx_HAL_Driver/Src/stm32f1xx_hal_gpio.o
 .debug_abbrev  0x0000000000001143      0x273 ./Drivers/STM32F1xx_HAL_Driver/Src/stm32f1xx_hal_rcc.o
 .debug_abbrev  0x00000000000013b6      0x28b ./Drivers/STM32F1xx_HAL_Driver/Src/stm32f1xx_hal_uart.o

.debug_aranges  0x0000000000000000      0x6b8
 .debug_aranges
                0x0000000000000000       0x88 ./Core/Src/button.o
 .debug_aranges
                0x0000000000000088       0x20 ./Core/Src/gpio.o
 .debug_aranges
                0x00000000000000a8       0x48 ./Core/Src/main.o
 .debug_aranges
                0x00000000000000f0       0x20 ./Core/Src/stm32f1xx_hal_msp.o
 .debug_aranges
                0x0000000000000110       0x60 ./Core/Src/stm32f1xx_it.o
 .debug_aranges
                0x0000000000000170       0x28 ./Core/Src/system_stm32f1xx.o
 .debug_aranges
                0x0000000000000198       0x30 ./Core/Src/usart.o
 .debug_aranges
                0x00000000000001c8       0x28 ./Core/Startup/startup_stm32f103rbtx.o
 .debug_aranges
                0x00000000000001f0       0xe0 ./Drivers/STM32F1xx_HAL_Driver/Src/stm32f1xx_hal.o
 .debug_aranges
                0x00000000000002d0      0x100 ./Drivers/STM32F1xx_HAL_Driver/Src/stm32f1xx_hal_cortex.o
 .debug_aranges
                0x00000000000003d0       0x58 ./Drivers/STM32F1xx_HAL_Driver/Src/stm32f1xx_hal_gpio.o
 .debug_aranges
                0x0000000000000428       0x90 ./Drivers/STM32F1xx_HAL_Driver/Src/stm32f1xx_hal_rcc.o
 .debug_aranges
                0x00000000000004b8      0x200 ./Drivers/STM32F1xx_HAL_Driver/Src/stm32f1xx_hal_uart.o

.debug_ranges   0x0000000000000000      0x620
 .debug_ranges  0x0000000000000000       0x78 ./Core/Src/button.o
 .debug_ranges  0x0000000000000078       0x10 ./Core/Src/gpio.o
 .debug_ranges  0x0000000000000088       0x38 ./Core/Src/main.o
 .debug_ranges  0x00000000000000c0       0x10 ./Core/Src/stm32f1xx_hal_msp.o
 .debug_ranges  0x00000000000000d0       0x50 ./Core/Src/stm32f1xx_it.o
 .debug_ranges  0x0000000000000120       0x18 ./Core/Src/system_stm32f1xx.o
 .debug_ranges  0x0000000000000138       0x20 ./Core/Src/usart.o
 .debug_ranges  0x0000000000000158       0x20 ./Core/Startup/startup_stm32f103rbtx.o
 .debug_ranges  0x0000000000000178       0xd0 ./Drivers/STM32F1xx_HAL_Driver/Src/stm32f1xx_hal.o
 .debug_ranges  0x0000000000000248       0xf0 ./Drivers/STM32F1xx_HAL_Driver/Src/stm32f1xx_hal_cortex.o
 .debug_ranges  0x0000000000000338       0x48 ./Drivers/STM32F1xx_HAL_Driver/Src/stm32f1xx_hal_gpio.o
 .debug_ranges  0x0000000000000380       0x80 ./Drivers/STM32F1xx_HAL_Driver/Src/stm32f1xx_hal_rcc.o
 .debug_ranges  0x0000000000000400      0x220 ./Drivers/STM32F1xx_HAL_Driver/Src/stm32f1xx_hal_uart.o

.debug_macro    0x0000000000000000    0x16ea5
 .debug_macro   0x0000000000000000      0x1a7 ./Core/Src/button.o
 .debug_macro   0x00000000000001a7      0xa9c ./Core/Src/button.o
 .debug_macro   0x0000000000000c43      0x215 ./Core/Src/button.o
 .debug_macro   0x0000000000000e58       0x2e ./Core/Src/button.o
 .debug_macro   0x0000000000000e86       0x22 ./Core/Src/button.o
 .debug_macro   0x0000000000000ea8       0x22 ./Core/Src/button.o
 .debug_macro   0x0000000000000eca       0x8e ./Core/Src/button.o
 .debug_macro   0x0000000000000f58       0x51 ./Core/Src/button.o
 .debug_macro   0x0000000000000fa9      0x103 ./Core/Src/button.o
 .debug_macro   0x00000000000010ac       0x6a ./Core/Src/button.o
 .debug_macro   0x0000000000001116      0x1df ./Core/Src/button.o
 .debug_macro   0x00000000000012f5       0x1c ./Core/Src/button.o
 .debug_macro   0x0000000000001311       0x22 ./Core/Src/button.o
 .debug_macro   0x0000000000001333       0xc3 ./Core/Src/button.o
 .debug_macro   0x00000000000013f6      0xd23 ./Core/Src/button.o
 .debug_macro   0x0000000000002119     0xe09e ./Core/Src/button.o
 .debug_macro   0x00000000000101b7       0x6d ./Core/Src/button.o
 .debug_macro   0x0000000000010224     0x3468 ./Core/Src/button.o
 .debug_macro   0x000000000001368c      0x174 ./Core/Src/button.o
 .debug_macro   0x0000000000013800       0x5c ./Core/Src/button.o
 .debug_macro   0x000000000001385c      0x5be ./Core/Src/button.o
 .debug_macro   0x0000000000013e1a      0x289 ./Core/Src/button.o
 .debug_macro   0x00000000000140a3      0x1cb ./Core/Src/button.o
 .debug_macro   0x000000000001426e      0x114 ./Core/Src/button.o
 .debug_macro   0x0000000000014382      0x1b2 ./Core/Src/button.o
 .debug_macro   0x0000000000014534       0x27 ./Core/Src/button.o
 .debug_macro   0x000000000001455b      0x136 ./Core/Src/button.o
 .debug_macro   0x0000000000014691      0x1bc ./Core/Src/button.o
 .debug_macro   0x000000000001484d       0x34 ./Core/Src/button.o
 .debug_macro   0x0000000000014881       0x3c ./Core/Src/button.o
 .debug_macro   0x00000000000148bd       0x57 ./Core/Src/button.o
 .debug_macro   0x0000000000014914       0x88 ./Core/Src/button.o
 .debug_macro   0x000000000001499c      0x241 ./Core/Src/button.o
 .debug_macro   0x0000000000014bdd      0x141 ./Core/Src/button.o
 .debug_macro   0x0000000000014d1e      0x279 ./Core/Src/button.o
 .debug_macro   0x0000000000014f97       0x83 ./Core/Src/button.o
 .debug_macro   0x000000000001501a       0x58 ./Core/Src/button.o
 .debug_macro   0x0000000000015072      0x1a7 ./Core/Src/gpio.o
 .debug_macro   0x0000000000015219      0x31e ./Core/Src/main.o
 .debug_macro   0x0000000000015537       0x52 ./Core/Src/main.o
 .debug_macro   0x0000000000015589       0x18 ./Core/Src/main.o
 .debug_macro   0x00000000000155a1       0x3c ./Core/Src/main.o
 .debug_macro   0x00000000000155dd       0x34 ./Core/Src/main.o
 .debug_macro   0x0000000000015611       0x16 ./Core/Src/main.o
 .debug_macro   0x0000000000015627       0x35 ./Core/Src/main.o
 .debug_macro   0x000000000001565c      0x333 ./Core/Src/main.o
 .debug_macro   0x000000000001598f       0x10 ./Core/Src/main.o
 .debug_macro   0x000000000001599f       0x16 ./Core/Src/main.o
 .debug_macro   0x00000000000159b5       0x43 ./Core/Src/main.o
 .debug_macro   0x00000000000159f8       0x34 ./Core/Src/main.o
 .debug_macro   0x0000000000015a2c       0x10 ./Core/Src/main.o
 .debug_macro   0x0000000000015a3c       0x58 ./Core/Src/main.o
 .debug_macro   0x0000000000015a94       0x71 ./Core/Src/main.o
 .debug_macro   0x0000000000015b05       0x1c ./Core/Src/main.o
 .debug_macro   0x0000000000015b21      0x12a ./Core/Src/main.o
 .debug_macro   0x0000000000015c4b       0x10 ./Core/Src/main.o
 .debug_macro   0x0000000000015c5b       0x1c ./Core/Src/main.o
 .debug_macro   0x0000000000015c77       0x52 ./Core/Src/main.o
 .debug_macro   0x0000000000015cc9       0x22 ./Core/Src/main.o
 .debug_macro   0x0000000000015ceb       0x10 ./Core/Src/main.o
 .debug_macro   0x0000000000015cfb       0x40 ./Core/Src/main.o
 .debug_macro   0x0000000000015d3b       0xd5 ./Core/Src/main.o
 .debug_macro   0x0000000000015e10       0x1c ./Core/Src/main.o
 .debug_macro   0x0000000000015e2c       0x3d ./Core/Src/main.o
 .debug_macro   0x0000000000015e69       0x16 ./Core/Src/main.o
 .debug_macro   0x0000000000015e7f      0x145 ./Core/Src/main.o
 .debug_macro   0x0000000000015fc4      0x19d ./Core/Src/stm32f1xx_hal_msp.o
 .debug_macro   0x0000000000016161      0x1a7 ./Core/Src/stm32f1xx_it.o
 .debug_macro   0x0000000000016308      0x18e ./Core/Src/system_stm32f1xx.o
 .debug_macro   0x0000000000016496      0x1a7 ./Core/Src/usart.o
 .debug_macro   0x000000000001663d      0x1b2 ./Drivers/STM32F1xx_HAL_Driver/Src/stm32f1xx_hal.o
 .debug_macro   0x00000000000167ef      0x18e ./Drivers/STM32F1xx_HAL_Driver/Src/stm32f1xx_hal_cortex.o
 .debug_macro   0x000000000001697d      0x1f9 ./Drivers/STM32F1xx_HAL_Driver/Src/stm32f1xx_hal_gpio.o
 .debug_macro   0x0000000000016b76      0x1a0 ./Drivers/STM32F1xx_HAL_Driver/Src/stm32f1xx_hal_rcc.o
 .debug_macro   0x0000000000016d16      0x18f ./Drivers/STM32F1xx_HAL_Driver/Src/stm32f1xx_hal_uart.o

.debug_line     0x0000000000000000     0x76d7
 .debug_line    0x0000000000000000      0x85f ./Core/Src/button.o
 .debug_line    0x000000000000085f      0x659 ./Core/Src/gpio.o
 .debug_line    0x0000000000000eb8      0x8f3 ./Core/Src/main.o
 .debug_line    0x00000000000017ab      0x641 ./Core/Src/stm32f1xx_hal_msp.o
 .debug_line    0x0000000000001dec      0x702 ./Core/Src/stm32f1xx_it.o
 .debug_line    0x00000000000024ee      0x6be ./Core/Src/system_stm32f1xx.o
 .debug_line    0x0000000000002bac      0x6a5 ./Core/Src/usart.o
 .debug_line    0x0000000000003251       0x87 ./Core/Startup/startup_stm32f103rbtx.o
 .debug_line    0x00000000000032d8      0x8eb ./Drivers/STM32F1xx_HAL_Driver/Src/stm32f1xx_hal.o
 .debug_line    0x0000000000003bc3      0xad3 ./Drivers/STM32F1xx_HAL_Driver/Src/stm32f1xx_hal_cortex.o
 .debug_line    0x0000000000004696      0x982 ./Drivers/STM32F1xx_HAL_Driver/Src/stm32f1xx_hal_gpio.o
 .debug_line    0x0000000000005018      0xcf9 ./Drivers/STM32F1xx_HAL_Driver/Src/stm32f1xx_hal_rcc.o
 .debug_line    0x0000000000005d11     0x19c6 ./Drivers/STM32F1xx_HAL_Driver/Src/stm32f1xx_hal_uart.o

.debug_str      0x0000000000000000    0x82397
 .debug_str     0x0000000000000000    0x7c7bc ./Core/Src/button.o
                                      0x7cb1b (size before relaxing)
 .debug_str     0x000000000007c7bc       0x9e ./Core/Src/gpio.o
                                      0x7c987 (size before relaxing)
 .debug_str     0x000000000007c85a     0x4568 ./Core/Src/main.o
                                      0x80fc8 (size before relaxing)
 .debug_str     0x0000000000080dc2       0x5a ./Core/Src/stm32f1xx_hal_msp.o
                                      0x7c93d (size before relaxing)
 .debug_str     0x0000000000080e1c       0xbd ./Core/Src/stm32f1xx_it.o
                                      0x7c95a (size before relaxing)
 .debug_str     0x0000000000080ed9       0x52 ./Core/Src/system_stm32f1xx.o
                                      0x7c804 (size before relaxing)
 .debug_str     0x0000000000080f2b       0x57 ./Core/Src/usart.o
                                      0x7cd77 (size before relaxing)
 .debug_str     0x0000000000080f82       0x36 ./Core/Startup/startup_stm32f103rbtx.o
                                         0x61 (size before relaxing)
 .debug_str     0x0000000000080fb8      0x568 ./Drivers/STM32F1xx_HAL_Driver/Src/stm32f1xx_hal.o
                                      0x7ce95 (size before relaxing)
 .debug_str     0x0000000000081520      0x300 ./Drivers/STM32F1xx_HAL_Driver/Src/stm32f1xx_hal_cortex.o
                                      0x7ce9d (size before relaxing)
 .debug_str     0x0000000000081820      0x324 ./Drivers/STM32F1xx_HAL_Driver/Src/stm32f1xx_hal_gpio.o
                                      0x7cbc8 (size before relaxing)
 .debug_str     0x0000000000081b44      0x24f ./Drivers/STM32F1xx_HAL_Driver/Src/stm32f1xx_hal_rcc.o
                                      0x7cc01 (size before relaxing)
 .debug_str     0x0000000000081d93      0x604 ./Drivers/STM32F1xx_HAL_Driver/Src/stm32f1xx_hal_uart.o
                                      0x7d1f3 (size before relaxing)

.comment        0x0000000000000000       0x53
 .comment       0x0000000000000000       0x53 ./Core/Src/button.o
                                         0x54 (size before relaxing)
 .comment       0x0000000000000053       0x54 ./Core/Src/gpio.o
 .comment       0x0000000000000053       0x54 ./Core/Src/main.o
 .comment       0x0000000000000053       0x54 ./Core/Src/stm32f1xx_hal_msp.o
 .comment       0x0000000000000053       0x54 ./Core/Src/stm32f1xx_it.o
 .comment       0x0000000000000053       0x54 ./Core/Src/system_stm32f1xx.o
 .comment       0x0000000000000053       0x54 ./Core/Src/usart.o
 .comment       0x0000000000000053       0x54 ./Drivers/STM32F1xx_HAL_Driver/Src/stm32f1xx_hal.o
 .comment       0x0000000000000053       0x54 ./Drivers/STM32F1xx_HAL_Driver/Src/stm32f1xx_hal_cortex.o
 .comment       0x0000000000000053       0x54 ./Drivers/STM32F1xx_HAL_Driver/Src/stm32f1xx_hal_gpio.o
 .comment       0x0000000000000053       0x54 ./Drivers/STM32F1xx_HAL_Driver/Src/stm32f1xx_hal_rcc.o
 .comment       0x0000000000000053       0x54 ./Drivers/STM32F1xx_HAL_Driver/Src/stm32f1xx_hal_uart.o

.debug_frame    0x0000000000000000     0x1948
 .debug_frame   0x0000000000000000      0x228 ./Core/Src/button.o
 .debug_frame   0x0000000000000228       0x34 ./Core/Src/gpio.o
 .debug_frame   0x000000000000025c       0xc0 ./Core/Src/main.o
 .debug_frame   0x000000000000031c       0x38 ./Core/Src/stm32f1xx_hal_msp.o
 .debug_frame   0x0000000000000354      0x104 ./Core/Src/stm32f1xx_it.o
 .debug_frame   0x0000000000000458       0x58 ./Core/Src/system_stm32f1xx.o
 .debug_frame   0x00000000000004b0       0x74 ./Core/Src/usart.o
 .debug_frame   0x0000000000000524      0x334 ./Drivers/STM32F1xx_HAL_Driver/Src/stm32f1xx_hal.o
 .debug_frame   0x0000000000000858      0x428 ./Drivers/STM32F1xx_HAL_Driver/Src/stm32f1xx_hal_cortex.o
 .debug_frame   0x0000000000000c80      0x14c ./Drivers/STM32F1xx_HAL_Driver/Src/stm32f1xx_hal_gpio.o
 .debug_frame   0x0000000000000dcc      0x21c ./Drivers/STM32F1xx_HAL_Driver/Src/stm32f1xx_hal_rcc.o
 .debug_frame   0x0000000000000fe8      0x914 ./Drivers/STM32F1xx_HAL_Driver/Src/stm32f1xx_hal_uart.o
 .debug_frame   0x00000000000018fc       0x2c d:/stm32cubeide_1.7.0/stm32cubeide/plugins/com.st.stm32cube.ide.mcu.externaltools.gnu-tools-for-stm32.9-2020-q2-update.win32_2.0.0.202105311346/tools/bin/../lib/gcc/arm-none-eabi/9.3.1/../../../../arm-none-eabi/lib/thumb/v7-m/nofp\libc_nano.a(lib_a-init.o)
 .debug_frame   0x0000000000001928       0x20 d:/stm32cubeide_1.7.0/stm32cubeide/plugins/com.st.stm32cube.ide.mcu.externaltools.gnu-tools-for-stm32.9-2020-q2-update.win32_2.0.0.202105311346/tools/bin/../lib/gcc/arm-none-eabi/9.3.1/../../../../arm-none-eabi/lib/thumb/v7-m/nofp\libc_nano.a(lib_a-memset.o)
