14:20:28 **** Incremental Build of configuration Debug for project T2_L35_MoreStates ****
make -j4 all 
arm-none-eabi-gcc "../Core/Src/button.c" -mcpu=cortex-m3 -std=gnu11 -g3 -DDEBUG -DUSE_HAL_DRIVER -DSTM32F103xB -c -I../Core/Inc -I../Drivers/STM32F1xx_HAL_Driver/Inc -I../Drivers/STM32F1xx_HAL_Driver/Inc/Legacy -I../Drivers/CMSIS/Device/ST/STM32F1xx/Include -I../Drivers/CMSIS/Include -O0 -ffunction-sections -fdata-sections -Wall -fstack-usage -MMD -MP -MF"Core/Src/button.d" -MT"Core/Src/button.o" --specs=nano.specs -mfloat-abi=soft -mthumb -o "Core/Src/button.o"
arm-none-eabi-gcc -o "T2_L35_MoreStates.elf" @"objects.list"   -mcpu=cortex-m3 -T"D:\workspace_stm32\T2_L35_MoreStates\STM32F103RBTX_FLASH.ld" --specs=nosys.specs -Wl,-Map="T2_L35_MoreStates.map" -Wl,--gc-sections -static --specs=nano.specs -mfloat-abi=soft -mthumb -Wl,--start-group -lc -lm -Wl,--end-group
Finished building target: T2_L35_MoreStates.elf
 
arm-none-eabi-size   T2_L35_MoreStates.elf 
arm-none-eabi-objdump -h -S  T2_L35_MoreStates.elf  > "T2_L35_MoreStates.list"
arm-none-eabi-objcopy  -O binary  T2_L35_MoreStates.elf  "T2_L35_MoreStates.bin"
   text	   data	    bss	    dec	    hex	filename
   6124	     20	   1684	   7828	   1e94	T2_L35_MoreStates.elf
Finished building: default.size.stdout
 
Finished building: T2_L35_MoreStates.bin
Finished building: T2_L35_MoreStates.list
 
 

14:20:29 Build Finished. 0 errors, 0 warnings. (took 949ms)

