21:03:48 **** Incremental Build of configuration Debug for project T3_L20_UART_TransferPolling ****
make -j4 all 
arm-none-eabi-gcc "../Core/Src/main.c" -mcpu=cortex-m3 -std=gnu11 -g3 -DDEBUG -DUSE_HAL_DRIVER -DSTM32F103xB -c -I../Core/Inc -I../Drivers/STM32F1xx_HAL_Driver/Inc -I../Drivers/STM32F1xx_HAL_Driver/Inc/Legacy -I../Drivers/CMSIS/Device/ST/STM32F1xx/Include -I../Drivers/CMSIS/Include -O0 -ffunction-sections -fdata-sections -Wall -fstack-usage -MMD -MP -MF"Core/Src/main.d" -MT"Core/Src/main.o" --specs=nano.specs -mfloat-abi=soft -mthumb -o "Core/Src/main.o"
arm-none-eabi-gcc -o "T3_L20_UART_TransferPolling.elf" @"objects.list"   -mcpu=cortex-m3 -T"D:\workspace_stm32\T3_L20_UART_TransferPolling\STM32F103RBTX_FLASH.ld" --specs=nosys.specs -Wl,-Map="T3_L20_UART_TransferPolling.map" -Wl,--gc-sections -static --specs=nano.specs -mfloat-abi=soft -mthumb -Wl,--start-group -lc -lm -Wl,--end-group
Finished building target: T3_L20_UART_TransferPolling.elf
 
arm-none-eabi-size   T3_L20_UART_TransferPolling.elf 
arm-none-eabi-objdump -h -S  T3_L20_UART_TransferPolling.elf  > "T3_L20_UART_TransferPolling.list"
arm-none-eabi-objcopy  -O binary  T3_L20_UART_TransferPolling.elf  "T3_L20_UART_TransferPolling.bin"
   text	   data	    bss	    dec	    hex	filename
   6136	     20	   1636	   7792	   1e70	T3_L20_UART_TransferPolling.elf
Finished building: default.size.stdout
 
Finished building: T3_L20_UART_TransferPolling.bin
Finished building: T3_L20_UART_TransferPolling.list
 
 

21:03:49 Build Finished. 0 errors, 0 warnings. (took 868ms)

