19:29:54 **** Build of configuration Debug for project T5_L08_ADCSingleConversionIT ****
make -j4 all 
arm-none-eabi-gcc -o "T5_L08_ADCSingleConversionIT.elf" @"objects.list"   -mcpu=cortex-m4 -T"D:\workspace_stm32\T5_L08_ADCSingleConversionIT\STM32F411RETX_FLASH.ld" --specs=nosys.specs -Wl,-Map="T5_L08_ADCSingleConversionIT.map" -Wl,--gc-sections -static --specs=nano.specs -mfpu=fpv4-sp-d16 -mfloat-abi=hard -mthumb -Wl,--start-group -lc -lm -Wl,--end-group
Finished building target: T5_L08_ADCSingleConversionIT.elf
 
arm-none-eabi-size   T5_L08_ADCSingleConversionIT.elf 
arm-none-eabi-objdump -h -S  T5_L08_ADCSingleConversionIT.elf  > "T5_L08_ADCSingleConversionIT.list"
arm-none-eabi-objcopy  -O binary  T5_L08_ADCSingleConversionIT.elf  "T5_L08_ADCSingleConversionIT.bin"
   text	   data	    bss	    dec	    hex	filename
  10088	     20	   1716	  11824	   2e30	T5_L08_ADCSingleConversionIT.elf
Finished building: default.size.stdout
Finished building: T5_L08_ADCSingleConversionIT.bin
 
 
Finished building: T5_L08_ADCSingleConversionIT.list
 

19:29:55 Build Finished. 0 errors, 0 warnings. (took 757ms)

