16:51:44 **** Incremental Build of configuration Debug for project T5_L07_ADCSingleConversion ****
make -j4 all 
arm-none-eabi-gcc "../Core/Src/main.c" -mcpu=cortex-m4 -std=gnu11 -g3 -DDEBUG -DUSE_HAL_DRIVER -DSTM32F411xE -c -I../Core/Inc -I../Drivers/STM32F4xx_HAL_Driver/Inc -I../Drivers/STM32F4xx_HAL_Driver/Inc/Legacy -I../Drivers/CMSIS/Device/ST/STM32F4xx/Include -I../Drivers/CMSIS/Include -O0 -ffunction-sections -fdata-sections -Wall -fstack-usage -MMD -MP -MF"Core/Src/main.d" -MT"Core/Src/main.o" --specs=nano.specs -mfpu=fpv4-sp-d16 -mfloat-abi=hard -mthumb -o "Core/Src/main.o"
arm-none-eabi-gcc -o "T5_L07_ADCSingleConversion.elf" @"objects.list"   -mcpu=cortex-m4 -T"D:\workspace_stm32\T5_L07_ADCSingleConversion\STM32F411RETX_FLASH.ld" --specs=nosys.specs -Wl,-Map="T5_L07_ADCSingleConversion.map" -Wl,--gc-sections -static --specs=nano.specs -mfpu=fpv4-sp-d16 -mfloat-abi=hard -mthumb -Wl,--start-group -lc -lm -Wl,--end-group
Finished building target: T5_L07_ADCSingleConversion.elf
 
arm-none-eabi-size   T5_L07_ADCSingleConversion.elf 
arm-none-eabi-objdump -h -S  T5_L07_ADCSingleConversion.elf  > "T5_L07_ADCSingleConversion.list"
arm-none-eabi-objcopy  -O binary  T5_L07_ADCSingleConversion.elf  "T5_L07_ADCSingleConversion.bin"
   text	   data	    bss	    dec	    hex	filename
   9624	     20	   1716	  11360	   2c60	T5_L07_ADCSingleConversion.elf
Finished building: default.size.stdout
 
Finished building: T5_L07_ADCSingleConversion.bin
Finished building: T5_L07_ADCSingleConversion.list
 
 

16:51:45 Build Finished. 0 errors, 0 warnings. (took 1s.99ms)

