17:48:00 **** Incremental Build of configuration Debug for project T5_L9_ADCSingleConversionDMA ****
make -j4 all 
arm-none-eabi-gcc "../Core/Src/main.c" -mcpu=cortex-m4 -std=gnu11 -g3 -DDEBUG -DUSE_HAL_DRIVER -DSTM32F411xE -c -I../Core/Inc -I../Drivers/STM32F4xx_HAL_Driver/Inc -I../Drivers/STM32F4xx_HAL_Driver/Inc/Legacy -I../Drivers/CMSIS/Device/ST/STM32F4xx/Include -I../Drivers/CMSIS/Include -O0 -ffunction-sections -fdata-sections -Wall -fstack-usage -MMD -MP -MF"Core/Src/main.d" -MT"Core/Src/main.o" --specs=nano.specs -mfpu=fpv4-sp-d16 -mfloat-abi=hard -mthumb -o "Core/Src/main.o"
arm-none-eabi-gcc -o "T5_L9_ADCSingleConversionDMA.elf" @"objects.list"   -mcpu=cortex-m4 -T"D:\workspace_stm32\T5_L9_ADCSingleConversionDMA\STM32F411RETX_FLASH.ld" --specs=nosys.specs -Wl,-Map="T5_L9_ADCSingleConversionDMA.map" -Wl,--gc-sections -static --specs=nano.specs -mfpu=fpv4-sp-d16 -mfloat-abi=hard -mthumb -Wl,--start-group -lc -lm -Wl,--end-group
Finished building target: T5_L9_ADCSingleConversionDMA.elf
 
arm-none-eabi-size   T5_L9_ADCSingleConversionDMA.elf 
arm-none-eabi-objdump -h -S  T5_L9_ADCSingleConversionDMA.elf  > "T5_L9_ADCSingleConversionDMA.list"
arm-none-eabi-objcopy  -O binary  T5_L9_ADCSingleConversionDMA.elf  "T5_L9_ADCSingleConversionDMA.bin"
   text	   data	    bss	    dec	    hex	filename
  11708	     20	   1828	  13556	   34f4	T5_L9_ADCSingleConversionDMA.elf
Finished building: default.size.stdout
 
Finished building: T5_L9_ADCSingleConversionDMA.bin
 
Finished building: T5_L9_ADCSingleConversionDMA.list
 

17:48:01 Build Finished. 0 errors, 0 warnings. (took 997ms)

