19:30:19 **** Build of configuration Debug for project T5_L12_ADCMultipleConversionDMA ****
make -j4 all 
arm-none-eabi-gcc -o "T5_L12_ADCMultipleConversionDMA.elf" @"objects.list"   -mcpu=cortex-m4 -T"D:\workspace_stm32\T5_L12_ADCMultipleConversionDMA\STM32F411RETX_FLASH.ld" --specs=nosys.specs -Wl,-Map="T5_L12_ADCMultipleConversionDMA.map" -Wl,--gc-sections -static --specs=nano.specs -mfpu=fpv4-sp-d16 -mfloat-abi=hard -mthumb -Wl,--start-group -lc -lm -Wl,--end-group
Finished building target: T5_L12_ADCMultipleConversionDMA.elf
 
arm-none-eabi-size   T5_L12_ADCMultipleConversionDMA.elf 
arm-none-eabi-objdump -h -S  T5_L12_ADCMultipleConversionDMA.elf  > "T5_L12_ADCMultipleConversionDMA.list"
arm-none-eabi-objcopy  -O binary  T5_L12_ADCMultipleConversionDMA.elf  "T5_L12_ADCMultipleConversionDMA.bin"
   text	   data	    bss	    dec	    hex	filename
  11772	     20	   1860	  13652	   3554	T5_L12_ADCMultipleConversionDMA.elf
Finished building: default.size.stdout
 
Finished building: T5_L12_ADCMultipleConversionDMA.bin
 
Finished building: T5_L12_ADCMultipleConversionDMA.list
 

19:30:19 Build Finished. 0 errors, 0 warnings. (took 812ms)

