15:45:10 **** Build of configuration Debug for project T6_L10_I2CBMP280 ****
make -j4 all 
arm-none-eabi-gcc "../Core/Src/bmp280.c" -mcpu=cortex-m4 -std=gnu11 -g3 -DUSE_HAL_DRIVER -DSTM32F411xE -DDEBUG -c -I../Core/Inc -I../Drivers/STM32F4xx_HAL_Driver/Inc -I../Drivers/STM32F4xx_HAL_Driver/Inc/Legacy -I../Drivers/CMSIS/Device/ST/STM32F4xx/Include -I../Drivers/CMSIS/Include -Og -ffunction-sections -fdata-sections -Wall -fstack-usage -MMD -MP -MF"Core/Src/bmp280.d" -MT"Core/Src/bmp280.o" --specs=nano.specs -mfpu=fpv4-sp-d16 -mfloat-abi=hard -mthumb -o "Core/Src/bmp280.o"
arm-none-eabi-gcc "../Core/Src/main.c" -mcpu=cortex-m4 -std=gnu11 -g3 -DUSE_HAL_DRIVER -DSTM32F411xE -DDEBUG -c -I../Core/Inc -I../Drivers/STM32F4xx_HAL_Driver/Inc -I../Drivers/STM32F4xx_HAL_Driver/Inc/Legacy -I../Drivers/CMSIS/Device/ST/STM32F4xx/Include -I../Drivers/CMSIS/Include -Og -ffunction-sections -fdata-sections -Wall -fstack-usage -MMD -MP -MF"Core/Src/main.d" -MT"Core/Src/main.o" --specs=nano.specs -mfpu=fpv4-sp-d16 -mfloat-abi=hard -mthumb -o "Core/Src/main.o"
arm-none-eabi-gcc -o "T6_L10_I2CBMP280.elf" @"objects.list"   -mcpu=cortex-m4 -T"D:\workspace_stm32\T6_L10_I2CBMP280\STM32F411RETX_FLASH.ld" --specs=nosys.specs -Wl,-Map="T6_L10_I2CBMP280.map" -Wl,--gc-sections -static --specs=nano.specs -mfpu=fpv4-sp-d16 -mfloat-abi=hard -mthumb -u _printf_float -Wl,--start-group -lc -lm -Wl,--end-group
Finished building target: T6_L10_I2CBMP280.elf
 
arm-none-eabi-size   T6_L10_I2CBMP280.elf 
arm-none-eabi-objdump -h -S  T6_L10_I2CBMP280.elf  > "T6_L10_I2CBMP280.list"
arm-none-eabi-objcopy  -O binary  T6_L10_I2CBMP280.elf  "T6_L10_I2CBMP280.bin"
   text	   data	    bss	    dec	    hex	filename
  23888	    484	   1780	  26152	   6628	T6_L10_I2CBMP280.elf
Finished building: default.size.stdout
 
Finished building: T6_L10_I2CBMP280.bin
 
Finished building: T6_L10_I2CBMP280.list
 

15:45:13 Build Finished. 0 errors, 0 warnings. (took 2s.765ms)

