00:01:58 **** Incremental Build of configuration Debug for project T6_L15_L21_I2COLED ****
make -j4 all 
arm-none-eabi-gcc "../Core/Src/main.c" -mcpu=cortex-m4 -std=gnu11 -g3 -DUSE_HAL_DRIVER -DSTM32F411xE -DDEBUG -c -I../Core/Inc -I../Drivers/STM32F4xx_HAL_Driver/Inc -I../Drivers/STM32F4xx_HAL_Driver/Inc/Legacy -I../Drivers/CMSIS/Device/ST/STM32F4xx/Include -I../Drivers/CMSIS/Include -O0 -ffunction-sections -fdata-sections -Wall -fstack-usage -MMD -MP -MF"Core/Src/main.d" -MT"Core/Src/main.o" --specs=nano.specs -mfpu=fpv4-sp-d16 -mfloat-abi=hard -mthumb -o "Core/Src/main.o"
arm-none-eabi-gcc -o "T6_L15_L21_I2COLED.elf" @"objects.list"   -mcpu=cortex-m4 -T"C:\Users\Michal\Desktop\t6_l15_t21_i2coled-master\STM32F411RETX_FLASH.ld" --specs=nosys.specs -Wl,-Map="T6_L15_L21_I2COLED.map" -Wl,--gc-sections -static --specs=nano.specs -mfpu=fpv4-sp-d16 -mfloat-abi=hard -mthumb -Wl,--start-group -lc -lm -Wl,--end-group
Finished building target: T6_L15_L21_I2COLED.elf
 
arm-none-eabi-size   T6_L15_L21_I2COLED.elf 
arm-none-eabi-objdump -h -S  T6_L15_L21_I2COLED.elf  > "T6_L15_L21_I2COLED.list"
arm-none-eabi-objcopy  -O binary  T6_L15_L21_I2COLED.elf  "T6_L15_L21_I2COLED.bin"
   text	   data	    bss	    dec	    hex	filename
  13324	     24	   2752	  16100	   3ee4	T6_L15_L21_I2COLED.elf
Finished building: default.size.stdout
 
Finished building: T6_L15_L21_I2COLED.bin
Finished building: T6_L15_L21_I2COLED.list
 
 

00:02:00 Build Finished. 0 errors, 0 warnings. (took 1s.318ms)

